◇ injected env (10) from .env // tip: ⌘ custom filepath { path: '/custom/path/.env' }
[20:36:13] Karun worker basladi
[20:36:13]   Escrow (Sepolia):    0x07BEf458F5AF8D041e8ac497B2f4528eEec3D855
[20:36:13]   Spender (Sepolia):   0xD819c276908A910659a5cc9315ee25b8a6287953
[20:36:13]   Ledger (Creditcoin): 0xb7d89dD5b11814E73995602F90603ddd893107bB
[20:36:13]   Operator/imzaci:     0xe9295A32588fA43572A920040b99fCa09388a6Cf
[20:36:13] [KILIT] Olay: 0xe9295A32588fA43572A920040b99fCa09388a6Cf +5000000000 (toplam 5000000000) tx=0xf497dda097a58b462b3fad7bafd34aa4f0797e8c40e50613d549baad6ee9dad4
[20:36:15]   Blok 11538379 icin attestation bekleniyor (son attest: 11538350)...
Height 11538379 not yet attested and in proof builder service cache for chain key 1. Latest height: 11538350. Retrying in 15000ms...
Height 11538379 not yet attested and in proof builder service cache for chain key 1. Latest height: 11538350. Retrying in 15000ms...
Height 11538379 not yet attested and in proof builder service cache for chain key 1. Latest height: 11538350. Retrying in 15000ms...
Height 11538379 not yet attested and in proof builder service cache for chain key 1. Latest height: 11538350. Retrying in 15000ms...
Height 11538379 not yet attested and in proof builder service cache for chain key 1. Latest height: 11538350. Retrying in 15000ms...
Height 11538379 not yet attested and in proof builder service cache for chain key 1. Latest height: 11538350. Retrying in 15000ms...
Height 11538379 not yet attested and in proof builder service cache for chain key 1. Latest height: 11538350. Retrying in 15000ms...
Height 11538379 not yet attested and in proof builder service cache for chain key 1. Latest height: 11538360. Retrying in 15000ms...
Height 11538379 not yet attested and in proof builder service cache for chain key 1. Latest height: 11538360. Retrying in 15000ms...
Height 11538379 not yet attested and in proof builder service cache for chain key 1. Latest height: 11538360. Retrying in 15000ms...
Height 11538379 not yet attested and in proof builder service cache for chain key 1. Latest height: 11538360. Retrying in 15000ms...
Height 11538379 not yet attested and in proof builder service cache for chain key 1. Latest height: 11538360. Retrying in 15000ms...
Height 11538379 not yet attested and in proof builder service cache for chain key 1. Latest height: 11538360. Retrying in 15000ms...
Height 11538379 not yet attested and in proof builder service cache for chain key 1. Latest height: 11538360. Retrying in 15000ms...
Height 11538379 not yet attested and in proof builder service cache for chain key 1. Latest height: 11538360. Retrying in 15000ms...
Height 11538379 not yet attested and in proof builder service cache for chain key 1. Latest height: 11538360. Retrying in 15000ms...
Height 11538379 not yet attested and in proof builder service cache for chain key 1. Latest height: 11538370. Retrying in 15000ms...
Height 11538379 not yet attested and in proof builder service cache for chain key 1. Latest height: 11538370. Retrying in 15000ms...
Height 11538379 not yet attested and in proof builder service cache for chain key 1. Latest height: 11538370. Retrying in 15000ms...
Height 11538379 not yet attested and in proof builder service cache for chain key 1. Latest height: 11538370. Retrying in 15000ms...
Height 11538379 not yet attested and in proof builder service cache for chain key 1. Latest height: 11538370. Retrying in 15000ms...
Height 11538379 not yet attested and in proof builder service cache for chain key 1. Latest height: 11538370. Retrying in 15000ms...
Height 11538379 not yet attested and in proof builder service cache for chain key 1. Latest height: 11538370. Retrying in 15000ms...
Height 11538379 not yet attested and in proof builder service cache for chain key 1. Latest height: 11538370. Retrying in 15000ms...
[20:42:35]   Blok 11538379 attest edildi, kanit uretiliyor...
[20:42:36] [KILIT] Kanit gonderildi: 0x957c921ba99e4096b6f0fb0dd64c439c462fcdc8c8abb40d1a75ba9b11af0a97
[20:42:46] [KILIT] 0xe9295A32588fA43572A920040b99fCa09388a6Cf yeni limiti: 4000000000
[20:45:08] [TALEP] 0x50d713ff… 0xe9295A32588fA43572A920040b99fCa09388a6Cf -> 0x000000000000000000000000000000000000bEEF 1000000000 (zincir 1)
[20:45:10] [ODEME] Aliciya gonderildi: 0xd2c812a5398952c0480b372ee0b91deed1c0718f01c45ae2d36f45560b69c507
[20:45:15]   Blok 11538429 icin attestation bekleniyor (son attest: 11538390)...
Height 11538429 not yet attested and in proof builder service cache for chain key 1. Latest height: 11538390. Retrying in 15000ms...
Height 11538429 not yet attested and in proof builder service cache for chain key 1. Latest height: 11538390. Retrying in 15000ms...
Height 11538429 not yet attested and in proof builder service cache for chain key 1. Latest height: 11538390. Retrying in 15000ms...
Height 11538429 not yet attested and in proof builder service cache for chain key 1. Latest height: 11538390. Retrying in 15000ms...
Height 11538429 not yet attested and in proof builder service cache for chain key 1. Latest height: 11538390. Retrying in 15000ms...
Height 11538429 not yet attested and in proof builder service cache for chain key 1. Latest height: 11538400. Retrying in 15000ms...
Height 11538429 not yet attested and in proof builder service cache for chain key 1. Latest height: 11538400. Retrying in 15000ms...
Height 11538429 not yet attested and in proof builder service cache for chain key 1. Latest height: 11538400. Retrying in 15000ms...
Height 11538429 not yet attested and in proof builder service cache for chain key 1. Latest height: 11538400. Retrying in 15000ms...
Height 11538429 not yet attested and in proof builder service cache for chain key 1. Latest height: 11538400. Retrying in 15000ms...
Height 11538429 not yet attested and in proof builder service cache for chain key 1. Latest height: 11538400. Retrying in 15000ms...
Height 11538429 not yet attested and in proof builder service cache for chain key 1. Latest height: 11538400. Retrying in 15000ms...
Height 11538429 not yet attested and in proof builder service cache for chain key 1. Latest height: 11538400. Retrying in 15000ms...
Height 11538429 not yet attested and in proof builder service cache for chain key 1. Latest height: 11538410. Retrying in 15000ms...
Height 11538429 not yet attested and in proof builder service cache for chain key 1. Latest height: 11538410. Retrying in 15000ms...
Height 11538429 not yet attested and in proof builder service cache for chain key 1. Latest height: 11538410. Retrying in 15000ms...
Height 11538429 not yet attested and in proof builder service cache for chain key 1. Latest height: 11538410. Retrying in 15000ms...
Height 11538429 not yet attested and in proof builder service cache for chain key 1. Latest height: 11538410. Retrying in 15000ms...
Height 11538429 not yet attested and in proof builder service cache for chain key 1. Latest height: 11538410. Retrying in 15000ms...
Height 11538429 not yet attested and in proof builder service cache for chain key 1. Latest height: 11538410. Retrying in 15000ms...
Height 11538429 not yet attested and in proof builder service cache for chain key 1. Latest height: 11538410. Retrying in 15000ms...
Height 11538429 not yet attested and in proof builder service cache for chain key 1. Latest height: 11538420. Retrying in 15000ms...
Height 11538429 not yet attested and in proof builder service cache for chain key 1. Latest height: 11538420. Retrying in 15000ms...
[20:51:06] HATA Sepolia taramasi: request timeout (code=TIMEOUT, version=6.17.0)
Height 11538429 not yet attested and in proof builder service cache for chain key 1. Latest height: 11538420. Retrying in 15000ms...
Height 11538429 not yet attested and in proof builder service cache for chain key 1. Latest height: 11538420. Retrying in 15000ms...
Height 11538429 not yet attested and in proof builder service cache for chain key 1. Latest height: 11538420. Retrying in 15000ms...
Height 11538429 not yet attested and in proof builder service cache for chain key 1. Latest height: 11538420. Retrying in 15000ms...
Height 11538429 not yet attested and in proof builder service cache for chain key 1. Latest height: 11538420. Retrying in 15000ms...
Height 11538429 not yet attested and in proof builder service cache for chain key 1. Latest height: 11538420. Retrying in 15000ms...
[20:52:55]   Blok 11538429 attest edildi, kanit uretiliyor...
[20:52:57] [ODEME] Kanit gonderildi: 0xaf518150a14425463e9aa32243800a0b25412e5f9740a9aa370fd61d061b97d9
[20:53:03] [KESINTI] Escrow kesintisi gonderildi: 0x6647ed053da0f876f4661e3638e045d45639236bdef8febab44e99895347ff0f
[20:53:16]   Blok 11538468 icin attestation bekleniyor (son attest: 11538430)...
Height 11538468 not yet attested and in proof builder service cache for chain key 1. Latest height: 11538430. Retrying in 15000ms...
Height 11538468 not yet attested and in proof builder service cache for chain key 1. Latest height: 11538430. Retrying in 15000ms...
Height 11538468 not yet attested and in proof builder service cache for chain key 1. Latest height: 11538430. Retrying in 15000ms...
Height 11538468 not yet attested and in proof builder service cache for chain key 1. Latest height: 11538430. Retrying in 15000ms...
Height 11538468 not yet attested and in proof builder service cache for chain key 1. Latest height: 11538430. Retrying in 15000ms...
Height 11538468 not yet attested and in proof builder service cache for chain key 1. Latest height: 11538430. Retrying in 15000ms...
Height 11538468 not yet attested and in proof builder service cache for chain key 1. Latest height: 11538440. Retrying in 15000ms...
Height 11538468 not yet attested and in proof builder service cache for chain key 1. Latest height: 11538440. Retrying in 15000ms...
Height 11538468 not yet attested and in proof builder service cache for chain key 1. Latest height: 11538440. Retrying in 15000ms...
Height 11538468 not yet attested and in proof builder service cache for chain key 1. Latest height: 11538440. Retrying in 15000ms...
Height 11538468 not yet attested and in proof builder service cache for chain key 1. Latest height: 11538440. Retrying in 15000ms...
Height 11538468 not yet attested and in proof builder service cache for chain key 1. Latest height: 11538440. Retrying in 15000ms...
Height 11538468 not yet attested and in proof builder service cache for chain key 1. Latest height: 11538440. Retrying in 15000ms...
Height 11538468 not yet attested and in proof builder service cache for chain key 1. Latest height: 11538440. Retrying in 15000ms...
Height 11538468 not yet attested and in proof builder service cache for chain key 1. Latest height: 11538440. Retrying in 15000ms...
Height 11538468 not yet attested and in proof builder service cache for chain key 1. Latest height: 11538450. Retrying in 15000ms...
Height 11538468 not yet attested and in proof builder service cache for chain key 1. Latest height: 11538450. Retrying in 15000ms...
Height 11538468 not yet attested and in proof builder service cache for chain key 1. Latest height: 11538450. Retrying in 15000ms...
Height 11538468 not yet attested and in proof builder service cache for chain key 1. Latest height: 11538450. Retrying in 15000ms...
Height 11538468 not yet attested and in proof builder service cache for chain key 1. Latest height: 11538450. Retrying in 15000ms...
Height 11538468 not yet attested and in proof builder service cache for chain key 1. Latest height: 11538450. Retrying in 15000ms...
Height 11538468 not yet attested and in proof builder service cache for chain key 1. Latest height: 11538450. Retrying in 15000ms...
Height 11538468 not yet attested and in proof builder service cache for chain key 1. Latest height: 11538460. Retrying in 15000ms...
Height 11538468 not yet attested and in proof builder service cache for chain key 1. Latest height: 11538460. Retrying in 15000ms...
Height 11538468 not yet attested and in proof builder service cache for chain key 1. Latest height: 11538460. Retrying in 15000ms...
Height 11538468 not yet attested and in proof builder service cache for chain key 1. Latest height: 11538460. Retrying in 15000ms...
Height 11538468 not yet attested and in proof builder service cache for chain key 1. Latest height: 11538460. Retrying in 15000ms...
Height 11538468 not yet attested and in proof builder service cache for chain key 1. Latest height: 11538460. Retrying in 15000ms...
Height 11538468 not yet attested and in proof builder service cache for chain key 1. Latest height: 11538460. Retrying in 15000ms...
Height 11538468 not yet attested and in proof builder service cache for chain key 1. Latest height: 11538460. Retrying in 15000ms...
Height 11538468 not yet attested and in proof builder service cache for chain key 1. Latest height: 11538460. Retrying in 15000ms...
[21:01:28]   Blok 11538468 attest edildi, kanit uretiliyor...
[21:01:29] [KESINTI] Talep kapatildi: 0x999fff413cdaab35d6901543f276439ee7a03581e1ef0510bbe0babbf33828c8
